Connected to Snake server. Use w,a,s,d and Enter to move. Type 'quit' to exit.
[H[2J--- Snake vs Snakes --- Level: 1 ---
########################################
#                                      #
#                                      #
#                     2                #
#                                      #
#                                      #
#           bbO                        #
#                                      #
#                                      #
#                                      #
#                                      #
#                                      #
#                                      #
#                                      #
#                                      #
#                                      #
#                                      #
#                                      #
#                                      #
########################################
--- Scoreboard ---
Player 'b': 0
--------------------
Level Up In: 50 points

[H[2J--- Snake vs Snakes --- Level: 1 ---
########################################
#                                      #
#                                      #
#                     2                #
#                                      #
#                                      #
#            bbO                       #
#                                      #
#                                      #
#                                      #
#                                      #
#                                      #
#                                      #
#                                      #
#                                      #
#                                      #
#                                      #
#                                      #
#                                      #
########################################
--- Scoreboard ---
Player 'b': 0
--------------------
Level Up In: 50 points

[H[2J--- Snake vs Snakes --- Level: 1 ---
########################################
#                                      #
#                                      #
#                     2                #
#                                      #
#                                      #
#             bbO                      #
#                                      #
#                                      #
#                                      #
#                                      #
#                                      #
#                                      #
#                                      #
#                                      #
#                                      #
#                                      #
#                                      #
#                                      #
########################################
--- Scoreboard ---
Player 'b': 0
--------------------
Level Up In: 50 points

[H[2J--- Snake vs Snakes --- Level: 1 ---
########################################
#                                      #
#                                      #
#                     2                #
#                                      #
#                                      #
#              bbO                     #
#                                      #
#                                      #
#                                      #
#                                      #
#                                      #
#                                      #
#                                      #
#                                      #
#                                      #
#                                      #
#                                      #
#                                      #
########################################
--- Scoreboard ---
Player 'b': 0
--------------------
Level Up In: 50 points
